<?xml version="1.0" encoding="utf-8"?><testsuites><testsuite name="pytest" errors="0" failures="0" skipped="0" tests="5" time="0.054" timestamp="2025-05-13T10:45:36.233725" hostname="db314eda0ceb"><testcase classname="tests.test_calculator.TestCalculator" name="test_add" time="0.001" /><testcase classname="tests.test_calculator.TestCalculator" name="test_divide" time="0.001" /><testcase classname="tests.test_calculator.TestCalculator" name="test_divide_by_zero" time="0.001" /><testcase classname="tests.test_calculator.TestCalculator" name="test_multiply" time="0.001" /><testcase classname="tests.test_calculator.TestCalculator" name="test_subtract" time="0.001" /></testsuite></testsuites>